// Jest Snapshot v1, https://goo.gl/fbAQLP

exports[`renders correctly 1`] = `
<section
  className="section"
  id="about"
>
  <h2
    className="title"
  >
    About
  </h2>
  <div
    className="skills"
  >
    <div
      className="skillGroup"
    >
      <div
        className="skillBox"
      >
        <svg
          className="skillIcon"
          viewBox="0 0 24 24"
          xmlns="http://www.w3.org/2000/svg"
        >
          <path
            d="M0 0h24v24H0z"
            fill="none"
          />
          <path
            d="M15 1H9v2h6V1zm-4 13h2V8h-2v6zm8.03-6.61l1.42-1.42c-.43-.51-.9-.99-1.41-1.41l-1.42 1.42C16.07 4.74 14.12 4 12 4c-4.97 0-9 4.03-9 9s4.02 9 9 9 9-4.03 9-9c0-2.12-.74-4.07-1.97-5.61zM12 20c-3.87 0-7-3.13-7-7s3.13-7 7-7 7 3.13 7 7-3.13 7-7 7z"
          />
        </svg>
        <div
          className="skillText"
        >
          Your users hate to wait. They want fast usable sites
              or they will close the tab. With optimization in mind the
              site can work smoothly even on weaker devices and slower
              connection.
        </div>
      </div>
      <div
        className="skillBox"
      >
        <svg
          className="skillIcon"
          viewBox="0 0 24 24"
          xmlns="http://www.w3.org/2000/svg"
        >
          <path
            d="M0 0h24v24H0z"
            fill="none"
          />
          <path
            d="M4 6h18V4H4c-1.1 0-2 .9-2 2v11H0v3h14v-3H4V6zm19 2h-6c-.55 0-1 .45-1 1v10c0 .55.45 1 1 1h6c.55 0 1-.45 1-1V9c0-.55-.45-1-1-1zm-1 9h-4v-7h4v7z"
          />
        </svg>
        <div
          className="skillText"
        >
          Nowadays when the IoT is rising and the internet traffic
              from mobile devices exceeds traffic from desktop you can't
              operate without a proper responsive website.
        </div>
      </div>
    </div>
    <div
      className="skillGroup"
    >
      <div
        className="skillBox"
      >
        <svg
          className="skillIcon"
          viewBox="0 0 24 24"
          xmlns="http://www.w3.org/2000/svg"
        >
          <path
            d="M0 0h24v24H0V0z"
            fill="none"
          />
          <path
            d="M9.4 16.6L4.8 12l4.6-4.6L8 6l-6 6 6 6 1.4-1.4zm5.2 0l4.6-4.6-4.6-4.6L16 6l6 6-6 6-1.4-1.4z"
          />
        </svg>
        <div
          className="skillText"
        >
          We are developers. We don't write code for computers, the
              compiler does. We're writing code for future self and for other
              fellow developers. Clean code is a must for maintainable apps.
        </div>
      </div>
      <div
        className="skillBox"
      >
        <svg
          className="skillIcon"
          viewBox="0 0 24 24"
          xmlns="http://www.w3.org/2000/svg"
        >
          <path
            d="M16 6l2.29 2.29-4.88 4.88-4-4L2 16.59 3.41 18l6-6 4 4 6.3-6.29L22 12V6z"
          />
          <path
            d="M0 0h24v24H0z"
            fill="none"
          />
        </svg>
        <div
          className="skillText"
        >
          Web development is a fast evolving field. With latest
              technologies we can create highly optimized modern applications
              in less time which are more scalable.
        </div>
      </div>
    </div>
  </div>
  <div
    className="about"
  >
    <picture>
      <source
        srcSet="mark_munkacsi.webp,
              mark_munkacsi_2x.webp 2x,
              mark_munkacsi_3x.webp 3x,
              mark_munkacsi_4x.webp 4x"
        type="image/webp"
      />
      <img
        alt="Márk Munkácsi"
        className="picture"
        srcSet="mark_munkacsi.jpg
              mark_munkacsi_2x.jpg 2x,
              mark_munkacsi_3x.jpg 3x,
              mark_munkacsi_4x.jpg 4x"
      />
    </picture>
    <div
      className="aboutText"
    >
      Hi there! My name is 
      <strong
        className="highlighted"
      >
        Mark
      </strong>
      . I'm a passionate developer, who is always learning and looking for new challenges. I started my career as a 
      <strong
        className="highlighted"
      >
        UI designer & sitebuilder
      </strong>
       so I have good design sense and I can understand and collaborate easily with designers. Currently I'm working as a frontend developer with more than 6 years of experience. My strengths are plain 
      <strong
        className="highlighted"
      >
        JavaScript(ES6+)
      </strong>
       and client side apps(SPAs) written in frameworks like 
      <strong
        className="highlighted"
      >
        React
      </strong>
       or 
      <strong
        className="highlighted"
      >
        Vue
      </strong>
      . When it's reasonable I like to work with 
      <strong
        className="highlighted"
      >
        TypeScript
      </strong>
      . I have experience with 
      <strong
        className="highlighted"
      >
        WebExtensions
      </strong>
       as well.
    </div>
  </div>
</section>
`;
